Microchip MPLAB XC8 Compiler V2.45

Linker command line:

-W-3 \
  --edf=C:\Program Files\Microchip\xc8\v2.45\pic\dat\20230818022343_en.msgs \
  -cn -h+dist/default/debug\Mplap_project_1.debug.sym \
  --cmf=dist/default/debug\Mplap_project_1.debug.cmf -z -Q18F4620 \
  -oC:\Users\MR_ALS~1\AppData\Local\Temp\xcAs2g8.\driver_tmp_3.o \
  --defsym=__MPLAB_BUILD=1 --fixupoverflow=error \
  -Mdist/default/debug/Mplap_project_1.debug.map \
  --md=C:\Users\MR_ALS~1\AppData\Local\Temp\xcAs2g8.\driver_tmp_0.dat -E1 \
  -ver=XC8 Compiler --acfsm=1493 -ACODE=00h-0FFFFh -ACONST=00h-0FFFFh \
  -ASMALLCONST=01000h-010FFhx240 -AMEDIUMCONST=01000h-0FFFFh \
  -ACOMRAM=01h-07Fh -AABS1=00h-0F7Fh -ABIGRAM=01h-0F7Fh \
  -ARAM=080h-0FFh,0100h-01FFhx14,0F00h-0F7Fh -ABANK0=080h-0FFh \
  -ABANK1=0100h-01FFh -ABANK2=0200h-02FFh -ABANK3=0300h-03FFh \
  -ABANK4=0400h-04FFh -ABANK5=0500h-05FFh -ABANK6=0600h-06FFh \
  -ABANK7=0700h-07FFh -ABANK8=0800h-08FFh -ABANK9=0900h-09FFh \
  -ABANK10=0A00h-0AFFh -ABANK11=0B00h-0BFFh -ABANK12=0C00h-0CFFh \
  -ABANK13=0D00h-0DFFh -ABANK14=0E00h-0EFFh -ABANK15=0F00h-0F7Fh \
  -ASFR=0F80h-0FFFh -ABIGSFR=0F80h-0FFFh -ACONFIG=0300000h-030000Dh \
  -AIDLOC=0200000h-0200007h -AEEDATA=0F00000h-0F003FFh -peeprom_data=EEDATA \
  -preset_vec=00h,intcode,intcodelo,powerup,init -pramtop=01000h \
  -psmallconst=SMALLCONST -pmediumconst=MEDIUMCONST -pconst=CONST \
  -AFARRAM=00h-00h \
  -prdata=COMRAM,nvrram=COMRAM,nvbit=COMRAM,rbss=COMRAM,rbit=COMRAM \
  -pfarbss=FARRAM,fardata=FARRAM,nvFARRAM=FARRAM \
  -pintsave_regs=BIGRAM,bigbss=BIGRAM,bigdata=BIGRAM -pbss=RAM \
  -pidata=CODE,irdata=CODE,ibigdata=CODE,ifardata=CODE -prparam=COMRAM \
  C:\Users\MR_ALS~1\AppData\Local\Temp\xcAs2g8.\driver_tmp_14.o \
  dist/default/debug\Mplap_project_1.debug.o 

Object code version is 3.11

Machine type is 18F4620



                Name                               Link     Load   Length Selector   Space Scale
C:\Users\MR_ALS~1\AppData\Local\Temp\xcAs2g8.\driver_tmp_14.o
                config                           300000   300000        E        0       4
                init                                  0        0        4        0       0
dist/default/debug\Mplap_project_1.debug.o
                config                           300000   300000        E        0       4
                smallconst                         1000     1000       68      800       0
                text33                             1220     1220      126      834       0
                text32                             1346     1346      110      834       0
                text31                             1ECC     1ECC       5E      834       0
                text30                             1E6A     1E6A       62      834       0
                text29                             211A     211A       3C      834       0
                text28                             1D9A     1D9A       6E      834       0
                text27                             1FE2     1FE2       5C      834       0
                text26                             1456     1456       E6      834       0
                text25                             225E     225E       12      834       0
                text24                             227A     227A        6      834       0
                text23                             2248     2248       16      834       0
                text22                             1F86     1F86       5C      834       0
                text21                             1C10     1C10       96      834       0
                text20                             17C6     17C6       CC      834       0
                text19                             1D2A     1D2A       70      834       0
                text18                             1956     1956       BC      834       0
                text17                             21F4     21F4       30      834       0
                text16                             1892     1892       C4      834       0
                text15                             1A12     1A12       B0      834       0
                text14                             21C0     21C0       34      834       0
                text13                             2280     2280        2      834       0
                text12                             1AC2     1AC2       AA      834       0
                text11                             1068     1068      1B8      834       0
                text10                             20DC     20DC       3E      834       0
                text9                              218C     218C       34      834       0
                text8                              2090     2090       4C      834       0
                text7                              1B6C     1B6C       A4      834       0
                text6                              153C     153C       E2      834       0
                text5                              1F2A     1F2A       5C      834       0
                text4                              203E     203E       52      834       0
                text3                              1CA6     1CA6       84      834       0
                text2                              2156     2156       36      834       0
                text1                              16F4     16F4       D2      834       0
                text0                              161E     161E       D6      834       0
                cstackCOMRAM                          1        1       30        1       1
                dataBANK0                            A0       A0        A       80       1
                bssBANK0                             80       80       20       80       1
                dataCOMRAM                           59       59       24        1       1
                bssCOMRAM                            31       31       28        1       1
                cinit                              1E08     1E08       62      834       0
                idataBANK0                         2270     2270        A      834       0
                idataCOMRAM                        2224     2224       24      834       0

TOTAL           Name                               Link     Load   Length     Space
        CLASS   CODE           
                init                                  0        0        4         0
                text33                             1220     1220      126         0
                text32                             1346     1346      110         0
                text31                             1ECC     1ECC       5E         0
                text30                             1E6A     1E6A       62         0
                text29                             211A     211A       3C         0
                text28                             1D9A     1D9A       6E         0
                text27                             1FE2     1FE2       5C         0
                text26                             1456     1456       E6         0
                text25                             225E     225E       12         0
                text24                             227A     227A        6         0
                text23                             2248     2248       16         0
                text22                             1F86     1F86       5C         0
                text21                             1C10     1C10       96         0
                text20                             17C6     17C6       CC         0
                text19                             1D2A     1D2A       70         0
                text18                             1956     1956       BC         0
                text17                             21F4     21F4       30         0
                text16                             1892     1892       C4         0
                text15                             1A12     1A12       B0         0
                text14                             21C0     21C0       34         0
                text13                             2280     2280        2         0
                text12                             1AC2     1AC2       AA         0
                text11                             1068     1068      1B8         0
                text10                             20DC     20DC       3E         0
                text9                              218C     218C       34         0
                text8                              2090     2090       4C         0
                text7                              1B6C     1B6C       A4         0
                text6                              153C     153C       E2         0
                text5                              1F2A     1F2A       5C         0
                text4                              203E     203E       52         0
                text3                              1CA6     1CA6       84         0
                text2                              2156     2156       36         0
                text1                              16F4     16F4       D2         0
                text0                              161E     161E       D6         0
                cinit                              1E08     1E08       62         0
                idataBANK0                         2270     2270        A         0
                idataCOMRAM                        2224     2224       24         0

        CLASS   CONST          

        CLASS   SMALLCONST     
                smallconst                         1000     1000       68         0

        CLASS   MEDIUMCONST    

        CLASS   COMRAM         
                cstackCOMRAM                          1        1       30         1
                dataCOMRAM                           59       59       24         1
                bssCOMRAM                            31       31       28         1

        CLASS   ABS1           

        CLASS   BIGRAM         

        CLASS   RAM            

        CLASS   BANK0          
                dataBANK0                            A0       A0        A         1
                bssBANK0                             80       80       20         1

        CLASS   BANK1          

        CLASS   BANK2          

        CLASS   BANK3          

        CLASS   BANK4          

        CLASS   BANK5          

        CLASS   BANK6          

        CLASS   BANK7          

        CLASS   BANK8          

        CLASS   BANK9          

        CLASS   BANK10         

        CLASS   BANK11         

        CLASS   BANK12         

        CLASS   BANK13         

        CLASS   BANK14         

        CLASS   BANK15         

        CLASS   SFR            

        CLASS   BIGSFR         

        CLASS   CONFIG         
                config                           300000   300000        E         4

        CLASS   IDLOC          

        CLASS   EEDATA         

        CLASS   FARRAM         

        CLASS   HEAP           

        CLASS   STACK          



SEGMENTS        Name                           Load    Length   Top    Selector   Space  Class

                reset_vec                      000000  000004  000004         0       0  CODE    
                cstackCOMRAM                   000001  00007C  00007D         1       1  COMRAM  
                bssBANK0                       000080  00002A  0000AA        80       1  BANK0   
                smallconst                     001000  000068  001068       800       0  SMALLCON
                text11                         001068  00121A  002282       834       0  CODE    


UNUSED ADDRESS RANGES

        Name                Unused          Largest block    Delta
        BANK0            0000AA-0000FF               56
        BANK1            000100-0001FF              100
        BANK10           000A00-000AFF              100
        BANK11           000B00-000BFF              100
        BANK12           000C00-000CFF              100
        BANK13           000D00-000DFF              100
        BANK14           000E00-000EFF              100
        BANK15           000F00-000F7F               80
        BANK2            000200-0002FF              100
        BANK3            000300-0003FF              100
        BANK4            000400-0004FF              100
        BANK5            000500-0005FF              100
        BANK6            000600-0006FF              100
        BANK7            000700-0007FF              100
        BANK8            000800-0008FF              100
        BANK9            000900-0009FF              100
        BIGRAM           00007D-00007F                3
                         0000AA-000F7F              ED6
        BIGSFR           000F80-000FFF               80
        CODE             000004-000FFF              FFC
                         002282-00FFFF             DD7E
        COMRAM           00007D-00007F                3
        CONST            000004-000FFF              FFC
                         002282-00FFFF             DD7E
        EEDATA           F00000-F003FF              400
        IDLOC            200000-200007                8
        MEDIUMCONST      002282-00FFFF             DD7E
        RAM              0000AA-000F7F              100
        SFR              000F80-000FFF               80
        SMALLCONST       002282-00FFFF              100

                                  Symbol Table

?___awdiv                                 cstackCOMRAM 000001
?___awmod                                 cstackCOMRAM 000001
?_abs                                     cstackCOMRAM 000007
?_sprintf                                 cstackCOMRAM 00001A
?_vfprintf                                cstackCOMRAM 000016
Relay_initialize@F3054                    bssCOMRAM    000038
Relay_turn_off@F3064                      bssCOMRAM    000036
Relay_turn_on@F3059                       bssCOMRAM    000037
_LATA                                     (abs)        000F89
_LATB                                     (abs)        000F8A
_LATC                                     (abs)        000F8B
_LATD                                     (abs)        000F8C
_LATE                                     (abs)        000F8D
_PORTA                                    (abs)        000F80
_PORTB                                    (abs)        000F81
_PORTC                                    (abs)        000F82
_PORTD                                    (abs)        000F83
_PORTE                                    (abs)        000F84
_TRISA                                    (abs)        000F92
_TRISB                                    (abs)        000F93
_TRISC                                    (abs)        000F94
_TRISD                                    (abs)        000F95
_TRISE                                    (abs)        000F96
__HRAM                                    (abs)        000000
__H__absolute__                           __absolute__ 000000
__Habs1                                   abs1         000000
__Hbank0                                  bank0        000000
__Hbank1                                  bank1        000000
__Hbank10                                 bank10       000000
__Hbank11                                 bank11       000000
__Hbank12                                 bank12       000000
__Hbank13                                 bank13       000000
__Hbank14                                 bank14       000000
__Hbank15                                 bank15       000000
__Hbank2                                  bank2        000000
__Hbank3                                  bank3        000000
__Hbank4                                  bank4        000000
__Hbank5                                  bank5        000000
__Hbank6                                  bank6        000000
__Hbank7                                  bank7        000000
__Hbank8                                  bank8        000000
__Hbank9                                  bank9        000000
__Hbigbss                                 bigbss       000000
__Hbigdata                                bigdata      000000
__Hbigram                                 bigram       000000
__Hbigsfr                                 bigsfr       000000
__Hbss                                    bss          000000
__HbssBANK0                               bssBANK0     000000
__HbssCOMRAM                              bssCOMRAM    000000
__Hcinit                                  cinit        000000
__Hclrtext                                clrtext      000000
__Hcomram                                 comram       000000
__Hconfig                                 config       30000E
__Hconst                                  const        000000
__HcstackCOMRAM                           cstackCOMRAM 000000
__Hdata                                   data         000000
__HdataBANK0                              dataBANK0    000000
__HdataCOMRAM                             dataCOMRAM   000000
__Heeprom_data                            eeprom_data  000000
__Hfarbss                                 farbss       000000
__Hfardata                                fardata      000000
__Hheap                                   heap         000000
__Hibigdata                               ibigdata     000000
__Hidata                                  idata        000000
__HidataBANK0                             idataBANK0   000000
__HidataCOMRAM                            idataCOMRAM  000000
__Hidloc                                  idloc        000000
__Hifardata                               ifardata     000000
__Hinit                                   init         000004
__Hintcode                                intcode      000000
__Hintcode_body                           intcode_body 000000
__Hintcodelo                              intcodelo    000000
__Hintentry                               intentry     000000
__Hintret                                 intret       000000
__Hintsave_regs                           intsave_regs 000000
__Hirdata                                 irdata       000000
__Hmediumconst                            mediumconst  000000
__HnvFARRAM                               nvFARRAM     000000
__Hnvbit                                  nvbit        000000
__Hnvrram                                 nvrram       000000
__Hparam                                  rparam       000000
__Hpowerup                                powerup      000000
__Hram                                    ram          000000
__Hramtop                                 ramtop       001000
__Hrbit                                   rbit         000000
__Hrbss                                   rbss         000000
__Hrdata                                  rdata        000000
__Hreset_vec                              reset_vec    000000
__Hrparam                                 rparam       000000
__Hsfr                                    sfr          000000
__Hsmallconst                             smallconst   001068
__Hspace_0                                (abs)        002282
__Hspace_1                                (abs)        0000AA
__Hspace_2                                (abs)        000000
__Hspace_4                                (abs)        60000E
__Hstack                                  stack        000000
__Hstruct                                 struct       000000
__Htemp                                   temp         000000
__Htext                                   text         000000
__Htext0                                  text0        000000
__Htext1                                  text1        000000
__Htext10                                 text10       000000
__Htext11                                 text11       000000
__Htext12                                 text12       000000
__Htext13                                 text13       000000
__Htext14                                 text14       000000
__Htext15                                 text15       000000
__Htext16                                 text16       000000
__Htext17                                 text17       000000
__Htext18                                 text18       000000
__Htext19                                 text19       000000
__Htext2                                  text2        000000
__Htext20                                 text20       000000
__Htext21                                 text21       000000
__Htext22                                 text22       000000
__Htext23                                 text23       000000
__Htext24                                 text24       000000
__Htext25                                 text25       000000
__Htext26                                 text26       000000
__Htext27                                 text27       000000
__Htext28                                 text28       000000
__Htext29                                 text29       000000
__Htext3                                  text3        000000
__Htext30                                 text30       000000
__Htext31                                 text31       000000
__Htext32                                 text32       000000
__Htext33                                 text33       000000
__Htext4                                  text4        000000
__Htext5                                  text5        000000
__Htext6                                  text6        000000
__Htext7                                  text7        000000
__Htext8                                  text8        000000
__Htext9                                  text9        000000
__LRAM                                    (abs)        000001
__L__absolute__                           __absolute__ 000000
__Labs1                                   abs1         000000
__Lbank0                                  bank0        000000
__Lbank1                                  bank1        000000
__Lbank10                                 bank10       000000
__Lbank11                                 bank11       000000
__Lbank12                                 bank12       000000
__Lbank13                                 bank13       000000
__Lbank14                                 bank14       000000
__Lbank15                                 bank15       000000
__Lbank2                                  bank2        000000
__Lbank3                                  bank3        000000
__Lbank4                                  bank4        000000
__Lbank5                                  bank5        000000
__Lbank6                                  bank6        000000
__Lbank7                                  bank7        000000
__Lbank8                                  bank8        000000
__Lbank9                                  bank9        000000
__Lbigbss                                 bigbss       000000
__Lbigdata                                bigdata      000000
__Lbigram                                 bigram       000000
__Lbigsfr                                 bigsfr       000000
__Lbss                                    bss          000000
__LbssBANK0                               bssBANK0     000000
__LbssCOMRAM                              bssCOMRAM    000000
__Lcinit                                  cinit        000000
__Lclrtext                                clrtext      000000
__Lcomram                                 comram       000000
__Lconfig                                 config       000000
__Lconst                                  const        000000
__LcstackCOMRAM                           cstackCOMRAM 000000
__Ldata                                   data         000000
__LdataBANK0                              dataBANK0    000000
__LdataCOMRAM                             dataCOMRAM   000000
__Leeprom_data                            eeprom_data  000000
__Lfarbss                                 farbss       000000
__Lfardata                                fardata      000000
__Lheap                                   heap         000000
__Libigdata                               ibigdata     000000
__Lidata                                  idata        000000
__LidataBANK0                             idataBANK0   000000
__LidataCOMRAM                            idataCOMRAM  000000
__Lidloc                                  idloc        000000
__Lifardata                               ifardata     000000
__Linit                                   init         000000
__Lintcode                                intcode      000000
__Lintcode_body                           intcode_body 000000
__Lintcodelo                              intcodelo    000000
__Lintentry                               intentry     000000
__Lintret                                 intret       000000
__Lintsave_regs                           intsave_regs 000000
__Lirdata                                 irdata       000000
__Lmediumconst                            mediumconst  000000
__LnvFARRAM                               nvFARRAM     000000
__Lnvbit                                  nvbit        000000
__Lnvrram                                 nvrram       000000
__Lparam                                  rparam       000000
__Lpowerup                                powerup      000000
__Lram                                    ram          000000
__Lramtop                                 ramtop       001000
__Lrbit                                   rbit         000000
__Lrbss                                   rbss         000000
__Lrdata                                  rdata        000000
__Lreset_vec                              reset_vec    000000
__Lrparam                                 rparam       000000
__Lsfr                                    sfr          000000
__Lsmallconst                             smallconst   001000
__Lspace_0                                (abs)        000000
__Lspace_1                                (abs)        000000
__Lspace_2                                (abs)        000000
__Lspace_4                                (abs)        000000
__Lstack                                  stack        000000
__Lstruct                                 struct       000000
__Ltemp                                   temp         000000
__Ltext                                   text         000000
__Ltext0                                  text0        000000
__Ltext1                                  text1        000000
__Ltext10                                 text10       000000
__Ltext11                                 text11       000000
__Ltext12                                 text12       000000
__Ltext13                                 text13       000000
__Ltext14                                 text14       000000
__Ltext15                                 text15       000000
__Ltext16                                 text16       000000
__Ltext17                                 text17       000000
__Ltext18                                 text18       000000
__Ltext19                                 text19       000000
__Ltext2                                  text2        000000
__Ltext20                                 text20       000000
__Ltext21                                 text21       000000
__Ltext22                                 text22       000000
__Ltext23                                 text23       000000
__Ltext24                                 text24       000000
__Ltext25                                 text25       000000
__Ltext26                                 text26       000000
__Ltext27                                 text27       000000
__Ltext28                                 text28       000000
__Ltext29                                 text29       000000
__Ltext3                                  text3        000000
__Ltext30                                 text30       000000
__Ltext31                                 text31       000000
__Ltext32                                 text32       000000
__Ltext33                                 text33       000000
__Ltext4                                  text4        000000
__Ltext5                                  text5        000000
__Ltext6                                  text6        000000
__Ltext7                                  text7        000000
__Ltext8                                  text8        000000
__Ltext9                                  text9        000000
__S0                                      (abs)        002282
__S1                                      (abs)        0000AA
__S4                                      (abs)        000000
__S5                                      (abs)        000000
___awdiv                                  text16       001892
___awdiv@counter                          cstackCOMRAM 000005
___awdiv@dividend                         cstackCOMRAM 000001
___awdiv@divisor                          cstackCOMRAM 000003
___awdiv@quotient                         cstackCOMRAM 000007
___awdiv@sign                             cstackCOMRAM 000006
___awmod                                  text15       001A12
___awmod@counter                          cstackCOMRAM 000005
___awmod@dividend                         cstackCOMRAM 000001
___awmod@divisor                          cstackCOMRAM 000003
___awmod@sign                             cstackCOMRAM 000006
___heap_hi                                (abs)        000000
___heap_lo                                (abs)        000000
___inthi_sp                               stack        000000
___inthi_stack_hi                         stack        000000
___inthi_stack_lo                         stack        000000
___intlo_sp                               stack        000000
___intlo_stack_hi                         stack        000000
___intlo_stack_lo                         stack        000000
___param_bank                             (abs)        000000
___rparam_used                            (abs)        000001
___sp                                     stack        000000
___stack_hi                               stack        000000
___stack_lo                               stack        000000
__accesstop                               (abs)        000080
__activetblptr                            (abs)        000002
__end_of___awdiv                          text16       001956
__end_of___awmod                          text15       001AC2
__end_of__initialization                  cinit        001E60
__end_of_abs                              text14       0021F4
__end_of_application_initialize           text24       002280
__end_of_clear_lcd                        text23       00225E
__end_of_compare                          text18       001A12
__end_of_convert_uint8_to_string          text8        0020DC
__end_of_ecu_layer_initailize             text25       002270
__end_of_enter_password                   text2        00218C
__end_of_fputc                            text12       001B6C
__end_of_gpio_pin_direction_initialize    text33       001346
__end_of_gpio_pin_initialize              text31       001F2A
__end_of_gpio_pin_read_logic              text7        001C10
__end_of_gpio_pin_write_logic             text32       001456
__end_of_keypad_get_value                 text6        00161E
__end_of_keypad_initialize                text30       001ECC
__end_of_keypad_values                    smallconst   001011
__end_of_lcd_4bit_initialize              text26       00153C
__end_of_lcd_4bit_send_char_data          text22       001FE2
__end_of_lcd_4bit_send_char_data_pos      text5        001F86
__end_of_lcd_4bit_send_command            text27       00203E
__end_of_lcd_4bit_send_enable_signal      text29       002156
__end_of_lcd_4bit_send_string             text21       001CA6
__end_of_lcd_4bit_send_string_pos         text19       001D9A
__end_of_lcd_4bit_set_cursor              text20       001892
__end_of_lcd_send_4bits                   text28       001E08
__end_of_main                             text0        0016F4
__end_of_memset                           text17       002224
__end_of_putch                            text13       002282
__end_of_read_input                       text4        002090
__end_of_read_inputs                      text3        001D2A
__end_of_set_password                     text1        0017C6
__end_of_sprintf                          text9        0021C0
__end_of_vfpfcnvrt                        text11       001220
__end_of_vfprintf                         text10       00211A
__initialization                          cinit        001E08
__mediumconst                             mediumconst  000000
__pbssBANK0                               bssBANK0     000080
__pbssCOMRAM                              bssCOMRAM    000031
__pcinit                                  cinit        001E08
__pcstackCOMRAM                           cstackCOMRAM 000001
__pdataBANK0                              dataBANK0    0000A0
__pdataCOMRAM                             dataCOMRAM   000059
__pidataBANK0                             idataBANK0   002270
__pidataCOMRAM                            idataCOMRAM  002224
__psmallconst                             smallconst   001000
__ptext0                                  text0        00161E
__ptext1                                  text1        0016F4
__ptext10                                 text10       0020DC
__ptext11                                 text11       001068
__ptext12                                 text12       001AC2
__ptext13                                 text13       002280
__ptext14                                 text14       0021C0
__ptext15                                 text15       001A12
__ptext16                                 text16       001892
__ptext17                                 text17       0021F4
__ptext18                                 text18       001956
__ptext19                                 text19       001D2A
__ptext2                                  text2        002156
__ptext20                                 text20       0017C6
__ptext21                                 text21       001C10
__ptext22                                 text22       001F86
__ptext23                                 text23       002248
__ptext24                                 text24       00227A
__ptext25                                 text25       00225E
__ptext26                                 text26       001456
__ptext27                                 text27       001FE2
__ptext28                                 text28       001D9A
__ptext29                                 text29       00211A
__ptext3                                  text3        001CA6
__ptext30                                 text30       001E6A
__ptext31                                 text31       001ECC
__ptext32                                 text32       001346
__ptext33                                 text33       001220
__ptext4                                  text4        00203E
__ptext5                                  text5        001F2A
__ptext6                                  text6        00153C
__ptext7                                  text7        001B6C
__ptext8                                  text8        002090
__ptext9                                  text9        00218C
__ramtop                                  ramtop       001000
__smallconst                              smallconst   001000
_abs                                      text14       0021C0
_application_initialize                   text24       00227A
_clear_lcd                                text23       002248
_compare                                  text18       001956
_convert_uint8_to_string                  text8        002090
_dbuf                                     bssBANK0     000080
_ecu_layer_initailize                     text25       00225E
_enter_password                           text2        002156
_flag                                     bssCOMRAM    000055
_flags                                    bssCOMRAM    000035
_fputc                                    text12       001AC2
_gpio_pin_direction_initialize            text33       001220
_gpio_pin_initialize                      text31       001ECC
_gpio_pin_read_logic                      text7        001B6C
_gpio_pin_write_logic                     text32       001346
_i                                        dataCOMRAM   00006D
_input                                    bssCOMRAM    000045
_keypad                                   dataCOMRAM   00006F
_keypad_get_value                         text6        00153C
_keypad_initialize                        text30       001E6A
_keypad_values                            smallconst   001001
_lat_registers                            dataCOMRAM   000059
_lcd                                      dataCOMRAM   000077
_lcd_4bit_initialize                      text26       001456
_lcd_4bit_send_char_data                  text22       001F86
_lcd_4bit_send_char_data_pos              text5        001F2A
_lcd_4bit_send_command                    text27       001FE2
_lcd_4bit_send_enable_signal              text29       00211A
_lcd_4bit_send_string                     text21       001C10
_lcd_4bit_send_string_pos                 text19       001D2A
_lcd_4bit_set_cursor                      text20       0017C6
_lcd_send_4bits                           text28       001D9A
_main                                     text0        00161E
_memset                                   text17       0021F4
_password                                 bssCOMRAM    00004B
_port_registers                           dataBANK0    0000A0
_prec                                     bssCOMRAM    000033
_putch                                    text13       002280
_read_input                               text4        00203E
_read_inputs                              text3        001CA6
_set_password                             text1        0016F4
_sprintf                                  text9        00218C
_tries                                    dataCOMRAM   00006E
_tries_txt                                bssCOMRAM    000051
_tris_registers                           dataCOMRAM   000063
_vfpfcnvrt                                text11       001068
_vfprintf                                 text10       0020DC
_width                                    bssCOMRAM    000031
abs@a                                     cstackCOMRAM 000007
compare@_input                            cstackCOMRAM 00001B
compare@_password                         cstackCOMRAM 00001C
compare@flag                              cstackCOMRAM 00001F
compare@l_counter                         cstackCOMRAM 000020
convert_uint8_to_string@ret               cstackCOMRAM 00002D
convert_uint8_to_string@str               cstackCOMRAM 00002B
convert_uint8_to_string@value             cstackCOMRAM 00002C
dc_motor_intitialize@F3057                bssCOMRAM    000044
dc_motor_intitialize@F3059                bssCOMRAM    000043
dc_motor_move_left@F3071                  bssCOMRAM    000040
dc_motor_move_left@F3073                  bssCOMRAM    00003F
dc_motor_move_right@F3064                 bssCOMRAM    000042
dc_motor_move_right@F3066                 bssCOMRAM    000041
dc_motor_stop@F3078                       bssCOMRAM    00003E
dc_motor_stop@F3080                       bssCOMRAM    00003D
end_of_initialization                     cinit        001E60
fputc@c                                   cstackCOMRAM 000001
fputc@fp                                  cstackCOMRAM 000003
gpio_pin_direction_initialize@_pin_config cstackCOMRAM 000001
gpio_pin_direction_initialize@ret         cstackCOMRAM 000007
gpio_pin_initialize@_pin_config           cstackCOMRAM 000009
gpio_pin_initialize@ret                   cstackCOMRAM 00000B
gpio_pin_read_logic@_pin_config           cstackCOMRAM 000001
gpio_pin_read_logic@logic                 cstackCOMRAM 000002
gpio_pin_read_logic@ret                   cstackCOMRAM 000007
gpio_pin_write_logic@_pin_config          cstackCOMRAM 000001
gpio_pin_write_logic@logic                cstackCOMRAM 000002
gpio_pin_write_logic@ret                  cstackCOMRAM 000008
intlevel0                                 text         000000
intlevel1                                 text         000000
intlevel2                                 text         000000
intlevel3                                 text         000000
isa$std                                   (abs)        000001
isa$xinst                                 (abs)        000000
keypad_get_value@_keypad_obj              cstackCOMRAM 000009
keypad_get_value@column_logic             cstackCOMRAM 00000C
keypad_get_value@l_columns_counter        cstackCOMRAM 00000F
keypad_get_value@l_counter                cstackCOMRAM 00000D
keypad_get_value@l_rows_counter           cstackCOMRAM 00000E
keypad_get_value@value                    cstackCOMRAM 00000A
keypad_initialize@i                       cstackCOMRAM 00000E
keypad_initialize@kpd                     cstackCOMRAM 00000C
keypad_initialize@ret                     cstackCOMRAM 00000D
lcd_4bit_initialize@i                     cstackCOMRAM 000011
lcd_4bit_initialize@lcd                   cstackCOMRAM 00000F
lcd_4bit_initialize@ret                   cstackCOMRAM 000012
lcd_4bit_send_char_data@data              cstackCOMRAM 00000D
lcd_4bit_send_char_data@lcd               cstackCOMRAM 00000C
lcd_4bit_send_char_data@ret               cstackCOMRAM 00000E
lcd_4bit_send_char_data_pos@column        cstackCOMRAM 000017
lcd_4bit_send_char_data_pos@data          cstackCOMRAM 000018
lcd_4bit_send_char_data_pos@lcd           cstackCOMRAM 000015
lcd_4bit_send_char_data_pos@ret           cstackCOMRAM 000019
lcd_4bit_send_char_data_pos@row           cstackCOMRAM 000016
lcd_4bit_send_command@command             cstackCOMRAM 00000D
lcd_4bit_send_command@lcd                 cstackCOMRAM 00000C
lcd_4bit_send_command@ret                 cstackCOMRAM 00000E
lcd_4bit_send_enable_signal@lcd           cstackCOMRAM 000009
lcd_4bit_send_enable_signal@ret           cstackCOMRAM 00000A
lcd_4bit_send_string@lcd                  cstackCOMRAM 00000F
lcd_4bit_send_string@ret                  cstackCOMRAM 000012
lcd_4bit_send_string@str                  cstackCOMRAM 000010
lcd_4bit_send_string_pos@column           cstackCOMRAM 000017
lcd_4bit_send_string_pos@lcd              cstackCOMRAM 000015
lcd_4bit_send_string_pos@ret              cstackCOMRAM 00001A
lcd_4bit_send_string_pos@row              cstackCOMRAM 000016
lcd_4bit_send_string_pos@str              cstackCOMRAM 000018
lcd_4bit_set_cursor@column                cstackCOMRAM 000011
lcd_4bit_set_cursor@lcd                   cstackCOMRAM 00000F
lcd_4bit_set_cursor@ret                   cstackCOMRAM 000014
lcd_4bit_set_cursor@row                   cstackCOMRAM 000010
lcd_send_4bits@data_command               cstackCOMRAM 00000A
lcd_send_4bits@lcd                        cstackCOMRAM 000009
lcd_send_4bits@ret                        cstackCOMRAM 00000B
led_initialize@F3058                      bssCOMRAM    00003C
led_toggle@F3073                          bssCOMRAM    000039
led_turn_off@F3068                        bssCOMRAM    00003A
led_turn_on@F3063                         bssCOMRAM    00003B
main@cmpr_ret                             cstackCOMRAM 000030
memset@c                                  cstackCOMRAM 000002
memset@dest                               cstackCOMRAM 000001
memset@n                                  cstackCOMRAM 000004
memset@p                                  cstackCOMRAM 000006
read_input@flag                           cstackCOMRAM 00001B
read_input@input                          cstackCOMRAM 00001A
read_inputs@l_counter                     cstackCOMRAM 00001E
set_password@l_counter                    cstackCOMRAM 00001E
sprintf@ap                                cstackCOMRAM 00001E
sprintf@f                                 cstackCOMRAM 00001F
sprintf@fmt                               cstackCOMRAM 00001B
sprintf@s                                 cstackCOMRAM 00001A
stackhi                                   (abs)        000000
stacklo                                   (abs)        000000
start                                     init         000000
start_initialization                      cinit        001E08
vfpfcnvrt@ap                              cstackCOMRAM 00000D
vfpfcnvrt@c                               cstackCOMRAM 000015
vfpfcnvrt@convarg                         cstackCOMRAM 000011
vfpfcnvrt@cp                              cstackCOMRAM 000010
vfpfcnvrt@done                            cstackCOMRAM 00000F
vfpfcnvrt@fmt                             cstackCOMRAM 00000C
vfpfcnvrt@fp                              cstackCOMRAM 00000B
vfprintf@ap                               cstackCOMRAM 000018
vfprintf@cfmt                             cstackCOMRAM 000019
vfprintf@fmt                              cstackCOMRAM 000017
vfprintf@fp                               cstackCOMRAM 000016


MODULE INFORMATION

Module		Function		Class		Link	Load	Size
MCAL_layer/GPIO/hal_gpio.c
		_gpio_pin_write_logic		CODE           	1346	0000	272
		_gpio_pin_read_logic		CODE           	1B6C	0000	164
		_gpio_pin_direction_initialize		CODE           	1220	0000	294
		_gpio_pin_initialize		CODE           	1ECC	0000	94

MCAL_layer/GPIO/hal_gpio.c estimated size: 824

ECU_layer/Keypad/keypad.c
		_keypad_get_value		CODE           	153C	0000	226
		_keypad_initialize		CODE           	1E6A	0000	98

ECU_layer/Keypad/keypad.c estimated size: 324

ECU_layer/ecu_layer_init.c
		_ecu_layer_initailize		CODE           	225E	0000	18

ECU_layer/ecu_layer_init.c estimated size: 18

C:\Program Files\Microchip\xc8\v2.45\pic\sources\c99\common\nf_sprintf.c
		_sprintf       		CODE           	218C	0000	52

C:\Program Files\Microchip\xc8\v2.45\pic\sources\c99\common\nf_sprintf.c estimated size: 52

C:\Program Files\Microchip\xc8\v2.45\pic\sources\c99\common\awmod.c
		___awmod       		CODE           	1A12	0000	176

C:\Program Files\Microchip\xc8\v2.45\pic\sources\c99\common\awmod.c estimated size: 176

C:\Program Files\Microchip\xc8\v2.45\pic\sources\c99\common\putch.c
		_putch         		CODE           	2280	0000	2

C:\Program Files\Microchip\xc8\v2.45\pic\sources\c99\common\putch.c estimated size: 2

shared
		__initialization		CODE           	1E08	0000	88
		_keypad_values 		SMALLCONST     	1001	0000	16

shared estimated size: 104

C:\Program Files\Microchip\xc8\v2.45\pic\sources\c99\common\abs.c
		_abs           		CODE           	21C0	0000	52

C:\Program Files\Microchip\xc8\v2.45\pic\sources\c99\common\abs.c estimated size: 52

C:\Program Files\Microchip\xc8\v2.45\pic\sources\c99\common\memset.c
		_memset        		CODE           	21F4	0000	48

C:\Program Files\Microchip\xc8\v2.45\pic\sources\c99\common\memset.c estimated size: 48

application.c
		_compare       		CODE           	1956	0000	188
		_application_initialize		CODE           	227A	0000	6
		_main          		CODE           	161E	0000	214
		_read_input    		CODE           	203E	0000	82
		_read_inputs   		CODE           	1CA6	0000	132
		_set_password  		CODE           	16F4	0000	210
		_clear_lcd     		CODE           	2248	0000	22
		_enter_password		CODE           	2156	0000	54

application.c estimated size: 908

ECU_layer/LCD/LCD.c
		_lcd_4bit_send_command		CODE           	1FE2	0000	92
		_lcd_4bit_send_string_pos		CODE           	1D2A	0000	112
		_lcd_4bit_send_char_data		CODE           	1F86	0000	92
		_lcd_send_4bits		CODE           	1D9A	0000	110
		_lcd_4bit_send_char_data_pos		CODE           	1F2A	0000	92
		_lcd_4bit_set_cursor		CODE           	17C6	0000	204
		_lcd_4bit_send_enable_signal		CODE           	211A	0000	60
		_lcd_4bit_initialize		CODE           	1456	0000	230
		_convert_uint8_to_string		CODE           	2090	0000	76
		_lcd_4bit_send_string		CODE           	1C10	0000	150

ECU_layer/LCD/LCD.c estimated size: 1218

C:\Program Files\Microchip\xc8\v2.45\pic\sources\c99\common\nf_fputc.c
		_fputc         		CODE           	1AC2	0000	170

C:\Program Files\Microchip\xc8\v2.45\pic\sources\c99\common\nf_fputc.c estimated size: 170

C:\Program Files\Microchip\xc8\v2.45\pic\sources\c99\common\doprnt.c
		_vfpfcnvrt     		CODE           	1068	0000	440
		_vfprintf      		CODE           	20DC	0000	62

C:\Program Files\Microchip\xc8\v2.45\pic\sources\c99\common\doprnt.c estimated size: 502

C:\Program Files\Microchip\xc8\v2.45\pic\sources\c99\common\awdiv.c
		___awdiv       		CODE           	1892	0000	196

C:\Program Files\Microchip\xc8\v2.45\pic\sources\c99\common\awdiv.c estimated size: 196

